
Discarded input sections

 .text          0x00000000       0x14 /scratch/mbb6691/tmp/ccmuhssm.o
 .data          0x00000000        0x0 /scratch/mbb6691/tmp/ccmuhssm.o
 .bss           0x00000000        0x0 /scratch/mbb6691/tmp/ccmuhssm.o
 .text          0x00000000       0xd4 /scratch/mbb6691/tmp/ccGRXbtg.o
 .data          0x00000000        0x0 /scratch/mbb6691/tmp/ccGRXbtg.o
 .bss           0x00000000        0x0 /scratch/mbb6691/tmp/ccGRXbtg.o
 .debug_info    0x00000000       0x8f /scratch/mbb6691/tmp/ccGRXbtg.o
 .debug_abbrev  0x00000000       0x8e /scratch/mbb6691/tmp/ccGRXbtg.o
 .debug_aranges
                0x00000000       0x20 /scratch/mbb6691/tmp/ccGRXbtg.o
 .debug_line    0x00000000       0xb0 /scratch/mbb6691/tmp/ccGRXbtg.o
 .debug_str     0x00000000      0x149 /scratch/mbb6691/tmp/ccGRXbtg.o
 .comment       0x00000000       0x27 /scratch/mbb6691/tmp/ccGRXbtg.o
 .debug_frame   0x00000000       0x7c /scratch/mbb6691/tmp/ccGRXbtg.o
 .ARM.attributes
                0x00000000       0x2e /scratch/mbb6691/tmp/ccGRXbtg.o
 .data          0x00000000        0x0 /scratch/mbb6691/tmp/ccxcHVEK.o
 .bss           0x00000000        0x0 /scratch/mbb6691/tmp/ccxcHVEK.o

Memory Configuration

Name             Origin             Length             Attributes
CCMRAM           0x10000000         0x00010000         xrw
RAM              0x20000000         0x00030000         xrw
ROM              0x08000000         0x00200000         xr
*default*        0x00000000         0xffffffff

Linker script and memory map

LOAD /scratch/mbb6691/tmp/ccmuhssm.o
LOAD /scratch/mbb6691/tmp/ccGRXbtg.o
LOAD /scratch/mbb6691/tmp/ccxcHVEK.o
                0x00000200                        _Min_Heap_Size = 0x200
                0x00000400                        _Min_Stack_Size = 0x400
                0x20030000                        _estack = (ORIGIN (RAM) + LENGTH (RAM))

.isr_vector     0x08000000      0x1ac
                0x08000000                        . = ALIGN (0x4)
 *(.isr_vector)
 .isr_vector    0x08000000      0x1ac /scratch/mbb6691/tmp/ccmuhssm.o
                0x08000000                g_pfnVectors
                0x080001ac                        . = ALIGN (0x4)

.text           0x080001ac       0xc0
                0x080001ac                        . = ALIGN (0x4)
 *(.text)
 .text          0x080001ac       0x74 /scratch/mbb6691/tmp/ccxcHVEK.o
                0x080001ac                slice_probe
                0x080001ba                bench_start
                0x080001c8                bench_done
                0x080001d6                main
 *(.text*)
 .text.Reset_Handler
                0x08000220       0x48 /scratch/mbb6691/tmp/ccmuhssm.o
                0x08000220                Reset_Handler
 .text.Default_Handler
                0x08000268        0x2 /scratch/mbb6691/tmp/ccmuhssm.o
                0x08000268                RTC_Alarm_IRQHandler
                0x08000268                HASH_RNG_IRQHandler
                0x08000268                EXTI2_IRQHandler
                0x08000268                TIM8_CC_IRQHandler
                0x08000268                DebugMon_Handler
                0x08000268                UART8_IRQHandler
                0x08000268                SPI4_IRQHandler
                0x08000268                TIM1_CC_IRQHandler
                0x08000268                DMA2_Stream5_IRQHandler
                0x08000268                HardFault_Handler
                0x08000268                DMA1_Stream5_IRQHandler
                0x08000268                SysTick_Handler
                0x08000268                PVD_IRQHandler
                0x08000268                SDIO_IRQHandler
                0x08000268                TAMP_STAMP_IRQHandler
                0x08000268                PendSV_Handler
                0x08000268                NMI_Handler
                0x08000268                CAN2_RX1_IRQHandler
                0x08000268                EXTI3_IRQHandler
                0x08000268                TIM8_TRG_COM_TIM14_IRQHandler
                0x08000268                TIM1_UP_TIM10_IRQHandler
                0x08000268                TIM8_UP_TIM13_IRQHandler
                0x08000268                I2C3_ER_IRQHandler
                0x08000268                EXTI0_IRQHandler
                0x08000268                I2C2_EV_IRQHandler
                0x08000268                DMA1_Stream2_IRQHandler
                0x08000268                CAN1_RX0_IRQHandler
                0x08000268                FPU_IRQHandler
                0x08000268                OTG_HS_WKUP_IRQHandler
                0x08000268                UsageFault_Handler
                0x08000268                LTDC_ER_IRQHandler
                0x08000268                CAN2_SCE_IRQHandler
                0x08000268                DMA2_Stream2_IRQHandler
                0x08000268                SPI1_IRQHandler
                0x08000268                TIM6_DAC_IRQHandler
                0x08000268                TIM1_BRK_TIM9_IRQHandler
                0x08000268                DCMI_IRQHandler
                0x08000268                CAN2_RX0_IRQHandler
                0x08000268                DMA2_Stream3_IRQHandler
                0x08000268                USART6_IRQHandler
                0x08000268                USART3_IRQHandler
                0x08000268                CAN1_RX1_IRQHandler
                0x08000268                UART5_IRQHandler
                0x08000268                DMA2_Stream0_IRQHandler
                0x08000268                TIM4_IRQHandler
                0x08000268                I2C1_EV_IRQHandler
                0x08000268                DMA1_Stream6_IRQHandler
                0x08000268                DMA1_Stream1_IRQHandler
                0x08000268                UART4_IRQHandler
                0x08000268                TIM3_IRQHandler
                0x08000268                RCC_IRQHandler
                0x08000268                TIM8_BRK_TIM12_IRQHandler
                0x08000268                Default_Handler
                0x08000268                EXTI15_10_IRQHandler
                0x08000268                ADC_IRQHandler
                0x08000268                DMA1_Stream7_IRQHandler
                0x08000268                SPI5_IRQHandler
                0x08000268                TIM7_IRQHandler
                0x08000268                CAN2_TX_IRQHandler
                0x08000268                TIM5_IRQHandler
                0x08000268                DMA2_Stream7_IRQHandler
                0x08000268                I2C3_EV_IRQHandler
                0x08000268                EXTI9_5_IRQHandler
                0x08000268                RTC_WKUP_IRQHandler
                0x08000268                LTDC_IRQHandler
                0x08000268                ETH_WKUP_IRQHandler
                0x08000268                SPI2_IRQHandler
                0x08000268                OTG_HS_EP1_IN_IRQHandler
                0x08000268                MemManage_Handler
                0x08000268                DMA1_Stream0_IRQHandler
                0x08000268                CAN1_TX_IRQHandler
                0x08000268                SVC_Handler
                0x08000268                EXTI4_IRQHandler
                0x08000268                ETH_IRQHandler
                0x08000268                OTG_HS_EP1_OUT_IRQHandler
                0x08000268                WWDG_IRQHandler
                0x08000268                SPI6_IRQHandler
                0x08000268                TIM2_IRQHandler
                0x08000268                OTG_FS_WKUP_IRQHandler
                0x08000268                TIM1_TRG_COM_TIM11_IRQHandler
                0x08000268                OTG_HS_IRQHandler
                0x08000268                DMA2D_IRQHandler
                0x08000268                EXTI1_IRQHandler
                0x08000268                UART7_IRQHandler
                0x08000268                USART2_IRQHandler
                0x08000268                I2C2_ER_IRQHandler
                0x08000268                DMA2_Stream1_IRQHandler
                0x08000268                CAN1_SCE_IRQHandler
                0x08000268                FLASH_IRQHandler
                0x08000268                DMA2_Stream4_IRQHandler
                0x08000268                BusFault_Handler
                0x08000268                USART1_IRQHandler
                0x08000268                OTG_FS_IRQHandler
                0x08000268                SPI3_IRQHandler
                0x08000268                DMA1_Stream4_IRQHandler
                0x08000268                I2C1_ER_IRQHandler
                0x08000268                FMC_IRQHandler
                0x08000268                DMA2_Stream6_IRQHandler
                0x08000268                SAI1_IRQHandler
                0x08000268                DMA1_Stream3_IRQHandler
 *(.glue_7)
 .glue_7        0x0800026a        0x0 linker stubs
 *(.glue_7t)
 .glue_7t       0x0800026a        0x0 linker stubs
 *(.eh_frame)
 *(.init)
 *(.fini)
                0x0800026c                        . = ALIGN (0x4)
 *fill*         0x0800026a        0x2 
                0x0800026c                        _etext = .

.vfp11_veneer   0x0800026c        0x0
 .vfp11_veneer  0x0800026c        0x0 linker stubs

.v4_bx          0x0800026c        0x0
 .v4_bx         0x0800026c        0x0 linker stubs

.iplt           0x0800026c        0x0
 .iplt          0x0800026c        0x0 /scratch/mbb6691/tmp/ccmuhssm.o

.rel.dyn        0x0800026c        0x0
 .rel.iplt      0x0800026c        0x0 /scratch/mbb6691/tmp/ccmuhssm.o

.rodata         0x0800026c        0x0
                0x0800026c                        . = ALIGN (0x4)
 *(.rodata)
 *(.rodata*)
                0x0800026c                        . = ALIGN (0x4)

.ARM.extab      0x0800026c        0x0
                0x0800026c                        . = ALIGN (0x4)
 *(.ARM.extab* .gnu.linkonce.armextab.*)
                0x0800026c                        . = ALIGN (0x4)

.ARM            0x0800026c        0x0
                0x0800026c                        . = ALIGN (0x4)
                0x0800026c                        __exidx_start = .
 *(.ARM.exidx*)
                0x0800026c                        __exidx_end = .
                0x0800026c                        . = ALIGN (0x4)

.preinit_array  0x0800026c        0x0
                0x0800026c                        . = ALIGN (0x4)
                [!provide]                        PROVIDE (__preinit_array_start = .)
 *(.preinit_array*)
                [!provide]                        PROVIDE (__preinit_array_end = .)
                0x0800026c                        . = ALIGN (0x4)

.init_array     0x0800026c        0x0
                0x0800026c                        . = ALIGN (0x4)
                [!provide]                        PROVIDE (__init_array_start = .)
 *(SORT_BY_NAME(.init_array.*))
 *(.init_array*)
                [!provide]                        PROVIDE (__init_array_end = .)
                0x0800026c                        . = ALIGN (0x4)

.fini_array     0x0800026c        0x0
                0x0800026c                        . = ALIGN (0x4)
                [!provide]                        PROVIDE (__fini_array_start = .)
 *(SORT_BY_NAME(.fini_array.*))
 *(.fini_array*)
                [!provide]                        PROVIDE (__fini_array_end = .)
                0x0800026c                        . = ALIGN (0x4)
                0x0800026c                        _sidata = LOADADDR (.data)

.data           0x20000000        0x0 load address 0x0800026c
                0x20000000                        . = ALIGN (0x4)
                0x20000000                        _sdata = .
 *(.data)
 *(.data*)
 *(.RamFunc)
 *(.RamFunc*)
                0x20000000                        . = ALIGN (0x4)
                0x20000000                        _edata = .
                0x0800026c                        _siccmram = LOADADDR (.ccmram)

.igot.plt       0x20000000        0x0 load address 0x0800026c
 .igot.plt      0x20000000        0x0 /scratch/mbb6691/tmp/ccmuhssm.o

.ccmram         0x10000000        0x0 load address 0x0800026c
                0x10000000                        . = ALIGN (0x4)
                0x10000000                        _sccmram = .
 *(.ccmram)
 *(.ccmram*)
                0x10000000                        . = ALIGN (0x4)
                0x10000000                        _eccmram = .
                0x10000000                        . = ALIGN (0x4)

.bss            0x20000000        0x0
                0x20000000                        _sbss = .
                0x20000000                        __bss_start__ = _sbss
 *(.bss)
 *(.bss*)
 *(COMMON)
                0x20000000                        . = ALIGN (0x4)
                0x20000000                        _ebss = .
                0x20000000                        __bss_end__ = _ebss

._user_heap_stack
                0x20000000      0x600
                0x20000000                        . = ALIGN (0x8)
                [!provide]                        PROVIDE (end = .)
                [!provide]                        PROVIDE (_end = .)
                0x20000200                        . = (. + _Min_Heap_Size)
 *fill*         0x20000000      0x200 
                0x20000600                        . = (. + _Min_Stack_Size)
 *fill*         0x20000200      0x400 
                0x20000600                        . = ALIGN (0x8)

/DISCARD/
 libc.a(*)
 libm.a(*)
 libgcc.a(*)

.ARM.attributes
                0x00000000       0x2f
 *(.ARM.attributes)
 .ARM.attributes
                0x00000000       0x21 /scratch/mbb6691/tmp/ccmuhssm.o
 .ARM.attributes
                0x00000021       0x2e /scratch/mbb6691/tmp/ccxcHVEK.o
OUTPUT(build/microbench_hitl_write_N100000.axf elf32-littlearm)
LOAD linker stubs
LOAD /usr/lib/gcc/arm-none-eabi/13.2.1/../../../arm-none-eabi/lib/thumb/v7e-m/nofp/libc.a
LOAD /usr/lib/gcc/arm-none-eabi/13.2.1/../../../arm-none-eabi/lib/thumb/v7e-m/nofp/libm.a
LOAD /usr/lib/gcc/arm-none-eabi/13.2.1/thumb/v7e-m/nofp/libgcc.a

.debug_line     0x00000000      0x108
 .debug_line    0x00000000       0x74 /scratch/mbb6691/tmp/ccmuhssm.o
 .debug_line    0x00000074       0x94 /scratch/mbb6691/tmp/ccxcHVEK.o

.debug_line_str
                0x00000000       0x9d
 .debug_line_str
                0x00000000       0x9d /scratch/mbb6691/tmp/ccmuhssm.o

.debug_info     0x00000000       0xfb
 .debug_info    0x00000000       0x30 /scratch/mbb6691/tmp/ccmuhssm.o
 .debug_info    0x00000030       0xcb /scratch/mbb6691/tmp/ccxcHVEK.o

.debug_abbrev   0x00000000       0xc9
 .debug_abbrev  0x00000000       0x24 /scratch/mbb6691/tmp/ccmuhssm.o
 .debug_abbrev  0x00000024       0xa5 /scratch/mbb6691/tmp/ccxcHVEK.o

.debug_aranges  0x00000000       0x48
 .debug_aranges
                0x00000000       0x28 /scratch/mbb6691/tmp/ccmuhssm.o
 .debug_aranges
                0x00000028       0x20 /scratch/mbb6691/tmp/ccxcHVEK.o

.debug_str      0x00000000      0x184
 .debug_str     0x00000000      0x184 /scratch/mbb6691/tmp/ccmuhssm.o
                                 0xb7 (size before relaxing)
 .debug_str     0x00000184      0x160 /scratch/mbb6691/tmp/ccxcHVEK.o

.debug_rnglists
                0x00000000       0x19
 .debug_rnglists
                0x00000000       0x19 /scratch/mbb6691/tmp/ccmuhssm.o

.comment        0x00000000       0x26
 .comment       0x00000000       0x26 /scratch/mbb6691/tmp/ccxcHVEK.o
                                 0x27 (size before relaxing)

.debug_frame    0x00000000       0x90
 .debug_frame   0x00000000       0x90 /scratch/mbb6691/tmp/ccxcHVEK.o
